<!DOCTYPE html>
<html>
	<head>
		<title>Go to Head</title>
		<style type="text/css"></style>
		<style data-above-the-fold="true"></style>
		<script data-above-the-fold="true">console.log("Execação do script 1");console.log("Execação do script 2");</script>
	</head>
	<body>
		<h1>Grunt plugin gotohead</h1>
	</body>
</html>
