<!DOCTYPE html>
<html>
   <head>
      <title>Go to Head</title>
      <style type="text/css"></style>
      <style data-above-the-fold="true" type="text/css">body{font-size:100%}h1{font-size:2em}</style>
   </head>
   <body>
      <h1>Grunt plugin gotohead</h1>
   </body>
</html>
